// Jest Snapshot v1, https://goo.gl/fbAQLP

exports[`App snapshot tests renders correctly 1`] = `
<div>
  AddTodo
  VisibleTodoList
  <div>
    <span>
      Show: 
    </span>
    FilterLink
    FilterLink
    FilterLink
  </div>
</div>
`;
