// Jest Snapshot v1, https://goo.gl/fbAQLP

exports[`SingleForm snapshot tests renders correctly 1`] = `
<div>
  <form
    onSubmit={[Function]}
  >
    <input />
    <button
      type="submit"
    >
      ACTION
    </button>
  </form>
</div>
`;
